// Jest Snapshot v1, https://goo.gl/fbAQLP

exports[`renders correctly 1`] = `
Object {
  "Options": Object {
    "ID": "component",
    "placeholder": "",
    "tabindex": 1,
  },
  "html": "<input placeholder=\\"\\" tabindex=\\"1\\">",
}
`;

exports[`with props 1`] = `
Object {
  "Options": Object {
    "ID": "component",
    "id": "expression-input",
    "name": "expression",
    "placeholder": "a && b",
    "tabindex": 2,
  },
  "html": "<input id=\\"expression-input\\" placeholder=\\"a &amp;&amp; b\\" tabindex=\\"2\\" name=\\"expression\\">",
}
`;
